<?xml version="1.0" encoding="utf-8" ?>
<!DOCTYPE html PUBLIC "-//W3C//DTD XHTML 1.0 Transitional//EN"
  "http://www.w3.org/TR/xhtml1/DTD/xhtml1-transitional.dtd">
<!--  This file is generated by Nim. -->
<html xmlns="http://www.w3.org/1999/xhtml" xml:lang="en" lang="en">
<head>
<meta http-equiv="Content-Type" content="text/html; charset=utf-8" />

<meta name="viewport" content="width=device-width, initial-scale=1.0">

<!-- Favicon -->
<link rel="shortcut icon" href="data:image/x-icon;base64,AAABAAEAEBAAAAEAIABoBAAAFgAAACgAAAAQAAAAIAAAAAEAIAAAAAAAAAAAAAAAAAAAAAAAAAAAAAAAAAD///8A////AP///wD///8A////AP///wD///8A////AP///wD///8A////AP///wD///8A////AP///wD///8A////AP///wD///8A////AP///wD///8A////AAAAAAUAAAAF////AP///wD///8A////AP///wD///8A////AP///wD///8A////AAAAAAIAAABbAAAAlQAAAKIAAACbAAAAmwAAAKIAAACVAAAAWwAAAAL///8A////AP///wD///8A////AAAAABQAAADAAAAAYwAAAA3///8A////AP///wD///8AAAAADQAAAGMAAADAAAAAFP///wD///8A////AP///wAAAACdAAAAOv///wD///8A////AP///wD///8A////AP///wD///8AAAAAOgAAAJ3///8A////AP///wAAAAAnAAAAcP///wAAAAAoAAAASv///wD///8A////AP///wAAAABKAAAAKP///wAAAABwAAAAJ////wD///8AAAAAgQAAABwAAACIAAAAkAAAAJMAAACtAAAAFQAAABUAAACtAAAAkwAAAJAAAACIAAAAHAAAAIH///8A////AAAAAKQAAACrAAAAaP///wD///8AAAAARQAAANIAAADSAAAARf///wD///8AAAAAaAAAAKsAAACk////AAAAADMAAACcAAAAnQAAABj///8A////AP///wAAAAAYAAAAGP///wD///8A////AAAAABgAAACdAAAAnAAAADMAAAB1AAAAwwAAAP8AAADpAAAAsQAAAE4AAAAb////AP///wAAAAAbAAAATgAAALEAAADpAAAA/wAAAMMAAAB1AAAAtwAAAOkAAAD/AAAA/wAAAP8AAADvAAAA3gAAAN4AAADeAAAA3gAAAO8AAAD/AAAA/wAAAP8AAADpAAAAtwAAAGUAAAA/AAAA3wAAAP8AAAD/AAAA/wAAAP8AAAD/AAAA/wAAAP8AAAD/AAAA/wAAAP8AAADfAAAAPwAAAGX///8A////AAAAAEgAAADtAAAAvwAAAL0AAADGAAAA7wAAAO8AAADGAAAAvQAAAL8AAADtAAAASP///wD///8A////AP///wD///8AAAAAO////wD///8A////AAAAAIcAAACH////AP///wD///8AAAAAO////wD///8A////AP///wD///8A////AP///wD///8A////AP///wD///8A////AP///wD///8A////AP///wD///8A////AP///wD///8A////AP///wD///8A////AP///wD///8A////AP///wD///8A////AP///wD///8A////AP///wD///8A//8AAP//AAD4HwAA7/cAAN/7AAD//wAAoYUAAJ55AACf+QAAh+EAAAAAAADAAwAA4AcAAP5/AAD//wAA//8AAA=="/>
<link rel="icon" type="image/png" sizes="32x32" href="data:image/png;base64,iVBORw0KGgoAAAANSUhEUgAAACAAAAAgCAYAAABzenr0AAAABmJLR0QA/wD/AP+gvaeTAAAACXBIWXMAAA3XAAAN1wFCKJt4AAAAB3RJTUUH4QQQEwksSS9ZWwAAAk1JREFUWMPtll2ITVEUx39nn/O7Y5qR8f05wtCUUr6ZIS++8pEnkZInPImneaCQ5METNdOkeFBKUhMPRIkHKfEuUZSUlGlKPN2TrgfncpvmnntnmlEyq1Z7t89/rf9a6+y99oZxGZf/XeIq61EdtgKXgdXA0xrYAvBjOIF1AI9zvjcC74BSpndrJPkBWDScTF8Aa4E3wDlgHbASaANmVqlcCnwHvgDvgVfAJ+AikAAvgfVZwLnSVZHZaOuKoQi3ZOMi4NkYkpe1p4J7A8BpYAD49hfIy/oqG0+hLomiKP2L5L+1ubn5115S+3OAn4EnwBlgMzCjyt6ZAnQCJ4A7wOs88iRJHvw50HoujuPBoCKwHWiosy8MdfZnAdcHk8dxXFJ3VQbQlCTJvRBCGdRbD4M6uc5glpY3eAihpN5S5w12diSEcCCEcKUO4ljdr15T76ur1FDDLIQQ3qv71EdDOe3Kxj3leRXyk+pxdWnFWod6Wt2bY3de3aSuUHcPBVimHs7mK9WrmeOF6lR1o9qnzskh2ar2qm1qizpfXaPeVGdlmGN5pb09qMxz1Xb1kLqgzn1RyH7JUXW52lr5e/Kqi9qpto7V1atuUzfnARrV7jEib1T76gG2qxdGmXyiekkt1GswPTtek0aBfJp6YySGBfWg2tPQ0FAYgf1stUfdmdcjarbYJEniKIq6gY/Aw+zWHAC+p2labGpqiorFYgGYCEzN7oQdQClN07O1/EfDyGgC0ALMBdYAi4FyK+4H3gLPsxfR1zRNi+NP7nH5J+QntnXe5B5mpfQAAAAASUVORK5CYII=">

<!-- Google fonts -->
<link href='https://fonts.googleapis.com/css?family=Lato:400,600,900' rel='stylesheet' type='text/css'/>
<link href='https://fonts.googleapis.com/css?family=Source+Code+Pro:400,500,600' rel='stylesheet' type='text/css'/>

<!-- CSS -->
<title>testproject</title>
<link rel="stylesheet" type="text/css" href="nimdoc.out.css">

<script type="text/javascript" src="dochack.js"></script>

<script type="text/javascript">
function main() {
  var pragmaDots = document.getElementsByClassName("pragmadots");
  for (var i = 0; i < pragmaDots.length; i++) {
    pragmaDots[i].onclick = function(event) {
      // Hide tease
      event.target.parentNode.style.display = "none";
      // Show actual
      event.target.parentNode.nextElementSibling.style.display = "inline";
    }
  }

  const toggleSwitch = document.querySelector('.theme-switch input[type="checkbox"]');
  function switchTheme(e) {
      if (e.target.checked) {
          document.documentElement.setAttribute('data-theme', 'dark');
          localStorage.setItem('theme', 'dark');
      } else {
          document.documentElement.setAttribute('data-theme', 'light');
          localStorage.setItem('theme', 'light');
      }
  }

  toggleSwitch.addEventListener('change', switchTheme, false);


  if (window.matchMedia && window.matchMedia('(prefers-color-scheme: dark)').matches) {
    document.documentElement.setAttribute('data-theme', "dark");
    toggleSwitch.checked = true;
  } else if (window.matchMedia && window.matchMedia('(prefers-color-scheme: light)').matches) {
    document.documentElement.setAttribute('data-theme', "light");
    toggleSwitch.checked = false;
  } else {
    const currentTheme = localStorage.getItem('theme') ? localStorage.getItem('theme') : null;
    if (currentTheme) {
      document.documentElement.setAttribute('data-theme', currentTheme);

      if (currentTheme === 'dark') {
        toggleSwitch.checked = true;
      }
    }
  }
}
</script>

</head>
<body onload="main()">
<div class="document" id="documentId">
  <div class="container">
    <h1 class="title">testproject</h1>
    <div class="row">
  <div class="three columns">
  <div class="theme-switch-wrapper">
    <label class="theme-switch" for="checkbox">
      <input type="checkbox" id="checkbox" />
      <div class="slider round"></div>
    </label>
    &nbsp;&nbsp;&nbsp; <em>Dark Mode</em>
  </div>
  <div id="global-links">
    <ul class="simple">
    </ul>
  </div>
  <div id="searchInputDiv">
    Search: <input type="text" id="searchInput"
      onkeyup="search()" />
  </div>
  <div>
    Group by:
    <select onchange="groupBy(this.value)">
      <option value="section">Section</option>
      <option value="type">Type</option>
    </select>
  </div>
  <ul class="simple simple-toc" id="toc-list">
<li>
  <a class="reference reference-toplevel" href="#6" id="56">Imports</a>
  <ul class="simple simple-toc-section">
    
  </ul>
</li>
<li>
  <a class="reference reference-toplevel" href="#7" id="57">Types</a>
  <ul class="simple simple-toc-section">
      <li><a class="reference" href="#A"
    title="A {.inject.} = enum
  aA"><wbr />A<span class="attachedType"></span></a></li>
  <li><a class="reference" href="#B"
    title="B {.inject.} = enum
  bB"><wbr />B<span class="attachedType"></span></a></li>

  </ul>
</li>
<li>
  <a class="reference reference-toplevel" href="#8" id="58">Vars</a>
  <ul class="simple simple-toc-section">
      <li><a class="reference" href="#aVariable"
    title="aVariable: array[1, int]"><wbr />a<wbr />Variable<span class="attachedType"></span></a></li>

  </ul>
</li>
<li>
  <a class="reference reference-toplevel" href="#10" id="60">Consts</a>
  <ul class="simple simple-toc-section">
      <li><a class="reference" href="#C_A"
    title="C_A = 0x7FF0000000000000&apos;f64"><wbr />C_<wbr />A<span class="attachedType"></span></a></li>
  <li><a class="reference" href="#C_B"
    title="C_B = 0o377&apos;i8"><wbr />C_<wbr />B<span class="attachedType"></span></a></li>
  <li><a class="reference" href="#C_C"
    title="C_C = 0o277&apos;i8"><wbr />C_<wbr />C<span class="attachedType"></span></a></li>
  <li><a class="reference" href="#C_D"
    title="C_D = 0o177777&apos;i16"><wbr />C_<wbr />D<span class="attachedType"></span></a></li>

  </ul>
</li>
<li>
  <a class="reference reference-toplevel" href="#12" id="62">Procs</a>
  <ul class="simple simple-toc-section">
      <li><a class="reference" href="#bar%2CT%2CT"
    title="bar[T](a, b: T): T"><wbr />bar<span class="attachedType"></span></a></li>
  <li><a class="reference" href="#baz%2CT%2CT"
    title="baz[T](a, b: T): T"><wbr />baz<span class="attachedType"></span></a></li>
  <li><a class="reference" href="#buzz%2CT%2CT"
    title="buzz[T](a, b: T): T"><wbr />buzz<span class="attachedType"></span></a></li>
  <li><a class="reference" href="#isValid%2CT"
    title="isValid[T](x: T): bool"><wbr />is<wbr />Valid<span class="attachedType"></span></a></li>

  </ul>
</li>
<li>
  <a class="reference reference-toplevel" href="#13" id="63">Funcs</a>
  <ul class="simple simple-toc-section">
      <li><a class="reference" href="#someFunc"
    title="someFunc()"><wbr />some<wbr />Func<span class="attachedType"></span></a></li>

  </ul>
</li>
<li>
  <a class="reference reference-toplevel" href="#17" id="67">Macros</a>
  <ul class="simple simple-toc-section">
      <li><a class="reference" href="#bar.m"
    title="bar(): untyped"><wbr />bar<span class="attachedType"></span></a></li>

  </ul>
</li>
<li>
  <a class="reference reference-toplevel" href="#18" id="68">Templates</a>
  <ul class="simple simple-toc-section">
      <li><a class="reference" href="#foo.t%2CSomeType%2CSomeType"
    title="foo(a, b: SomeType)"><wbr />foo<span class="attachedType"></span></a></li>

  </ul>
</li>

</ul>

  </div>
  <div class="nine columns" id="content">
  <div id="tocRoot"></div>
  
  <p class="module-desc">This is the top level module.
<p><strong class="examples_text">Examples:</strong></p>
<pre class="listing"><span class="Keyword">import</span>
  <span class="Identifier">subdir</span> <span class="Operator">/</span> <span class="Identifier">subdir_b</span> <span class="Operator">/</span> <span class="Identifier">utils</span>

<span class="Identifier">doAssert</span> <span class="Identifier">bar</span><span class="Other">(</span><span class="DecNumber">3</span><span class="Other">,</span> <span class="DecNumber">4</span><span class="Other">)</span> <span class="Operator">==</span> <span class="DecNumber">7</span>
<span class="Identifier">foo</span><span class="Other">(</span><span class="Identifier">enumValueA</span><span class="Other">,</span> <span class="Identifier">enumValueB</span><span class="Other">)</span>
<span class="Keyword">for</span> <span class="Identifier">x</span> <span class="Keyword">in</span> <span class="StringLit">&quot;xx&quot;</span><span class="Other">:</span>
  <span class="Keyword">discard</span></pre></p>
  <div class="section" id="6">
<h1><a class="toc-backref" href="#6">Imports</a></h1>
<dl class="item">
<a class="reference external" href="subdir/subdir_b/utils.html">subdir/subdir_b/utils</a>
</dl></div>
<div class="section" id="7">
<h1><a class="toc-backref" href="#7">Types</a></h1>
<dl class="item">
<a id="A"></a>
<dt><pre><a href="testproject.html#A"><span class="Identifier">A</span></a> <span><span class="Other">{</span><span class="Other pragmadots">...</span><span class="Other">}</span></span><span class="pragmawrap"><span class="Other">{.</span><span class="pragma"><span class="Identifier">inject</span></span><span class="Other">.}</span></span> <span class="Other">=</span> <span class="Keyword">enum</span>
  <span class="Identifier">aA</span></pre></dt>
<dd>

The enum A.

</dd>
<a id="B"></a>
<dt><pre><a href="testproject.html#B"><span class="Identifier">B</span></a> <span><span class="Other">{</span><span class="Other pragmadots">...</span><span class="Other">}</span></span><span class="pragmawrap"><span class="Other">{.</span><span class="pragma"><span class="Identifier">inject</span></span><span class="Other">.}</span></span> <span class="Other">=</span> <span class="Keyword">enum</span>
  <span class="Identifier">bB</span></pre></dt>
<dd>

The enum B.

</dd>

</dl></div>
<div class="section" id="8">
<h1><a class="toc-backref" href="#8">Vars</a></h1>
<dl class="item">
<a id="aVariable"></a>
<dt><pre><a href="testproject.html#aVariable"><span class="Identifier">aVariable</span></a><span class="Other">:</span> <span class="Identifier">array</span><span class="Other">[</span><span class="DecNumber">1</span><span class="Other">,</span> <span class="Identifier">int</span><span class="Other">]</span></pre></dt>
<dd>



</dd>

</dl></div>
<div class="section" id="10">
<h1><a class="toc-backref" href="#10">Consts</a></h1>
<dl class="item">
<a id="C_A"></a>
<dt><pre><a href="testproject.html#C_A"><span class="Identifier">C_A</span></a> <span class="Other">=</span> <span class="FloatNumber">0x7FF0000000000000'f64</span></pre></dt>
<dd>



</dd>
<a id="C_B"></a>
<dt><pre><a href="testproject.html#C_B"><span class="Identifier">C_B</span></a> <span class="Other">=</span> <span class="DecNumber">0o377'i8</span></pre></dt>
<dd>



</dd>
<a id="C_C"></a>
<dt><pre><a href="testproject.html#C_C"><span class="Identifier">C_C</span></a> <span class="Other">=</span> <span class="DecNumber">0o277'i8</span></pre></dt>
<dd>



</dd>
<a id="C_D"></a>
<dt><pre><a href="testproject.html#C_D"><span class="Identifier">C_D</span></a> <span class="Other">=</span> <span class="DecNumber">0o177777'i16</span></pre></dt>
<dd>



</dd>

</dl></div>
<div class="section" id="12">
<h1><a class="toc-backref" href="#12">Procs</a></h1>
<dl class="item">
<a id="bar,T,T"></a>
<dt><pre><span class="Keyword">proc</span> <a href="#bar%2CT%2CT"><span class="Identifier">bar</span></a><span class="Other">[</span><span class="Identifier">T</span><span class="Other">]</span><span class="Other">(</span><span class="Identifier">a</span><span class="Other">,</span> <span class="Identifier">b</span><span class="Other">:</span> <span class="Identifier">T</span><span class="Other">)</span><span class="Other">:</span> <span class="Identifier">T</span></pre></dt>
<dd>



</dd>
<a id="baz,T,T"></a>
<dt><pre><span class="Keyword">proc</span> <a href="#baz%2CT%2CT"><span class="Identifier">baz</span></a><span class="Other">[</span><span class="Identifier">T</span><span class="Other">]</span><span class="Other">(</span><span class="Identifier">a</span><span class="Other">,</span> <span class="Identifier">b</span><span class="Other">:</span> <span class="Identifier">T</span><span class="Other">)</span><span class="Other">:</span> <span class="Identifier">T</span> <span><span class="Other">{</span><span class="Other pragmadots">...</span><span class="Other">}</span></span><span class="pragmawrap"><span class="Other">{.</span><span class="pragma"><span class="Identifier">deprecated</span></span><span class="Other">.}</span></span></pre></dt>
<dd>
  <div class="deprecation-message">
    <b>Deprecated</b> 
  </div>

This is deprecated without message.

</dd>
<a id="buzz,T,T"></a>
<dt><pre><span class="Keyword">proc</span> <a href="#buzz%2CT%2CT"><span class="Identifier">buzz</span></a><span class="Other">[</span><span class="Identifier">T</span><span class="Other">]</span><span class="Other">(</span><span class="Identifier">a</span><span class="Other">,</span> <span class="Identifier">b</span><span class="Other">:</span> <span class="Identifier">T</span><span class="Other">)</span><span class="Other">:</span> <span class="Identifier">T</span> <span><span class="Other">{</span><span class="Other pragmadots">...</span><span class="Other">}</span></span><span class="pragmawrap"><span class="Other">{.</span><span class="pragma"><span class="Identifier">deprecated</span><span class="Other">:</span> <span class="StringLit">&quot;since v0.20&quot;</span></span><span class="Other">.}</span></span></pre></dt>
<dd>
  <div class="deprecation-message">
    <b>Deprecated:</b> since v0.20
  </div>

This is deprecated with a message.

</dd>
<a id="isValid,T"></a>
<dt><pre><span class="Keyword">proc</span> <a href="#isValid%2CT"><span class="Identifier">isValid</span></a><span class="Other">[</span><span class="Identifier">T</span><span class="Other">]</span><span class="Other">(</span><span class="Identifier">x</span><span class="Other">:</span> <span class="Identifier">T</span><span class="Other">)</span><span class="Other">:</span> <span class="Identifier">bool</span></pre></dt>
<dd>



</dd>

</dl></div>
<div class="section" id="13">
<h1><a class="toc-backref" href="#13">Funcs</a></h1>
<dl class="item">
<a id="someFunc"></a>
<dt><pre><span class="Keyword">func</span> <a href="#someFunc"><span class="Identifier">someFunc</span></a><span class="Other">(</span><span class="Other">)</span> <span><span class="Other">{</span><span class="Other pragmadots">...</span><span class="Other">}</span></span><span class="pragmawrap"><span class="Other">{.</span><span class="pragma"><span class="Identifier">raises</span><span class="Other">:</span> <span class="Other">[</span><span class="Other">]</span><span class="Other">,</span> <span class="Identifier">tags</span><span class="Other">:</span> <span class="Other">[</span><span class="Other">]</span></span><span class="Other">.}</span></span></pre></dt>
<dd>

My someFunc. Stuff in <tt class="docutils literal"><span class="pre">quotes</span></tt> here. <a class="reference external" href="https://nim-lang.org">Some link</a>

</dd>

</dl></div>
<div class="section" id="17">
<h1><a class="toc-backref" href="#17">Macros</a></h1>
<dl class="item">
<a id="bar.m"></a>
<dt><pre><span class="Keyword">macro</span> <a href="#bar.m"><span class="Identifier">bar</span></a><span class="Other">(</span><span class="Other">)</span><span class="Other">:</span> <span class="Identifier">untyped</span></pre></dt>
<dd>



</dd>

</dl></div>
<div class="section" id="18">
<h1><a class="toc-backref" href="#18">Templates</a></h1>
<dl class="item">
<a id="foo.t,SomeType,SomeType"></a>
<dt><pre><span class="Keyword">template</span> <a href="#foo.t%2CSomeType%2CSomeType"><span class="Identifier">foo</span></a><span class="Other">(</span><span class="Identifier">a</span><span class="Other">,</span> <span class="Identifier">b</span><span class="Other">:</span> <a href="subdir/subdir_b/utils.html#SomeType"><span class="Identifier">SomeType</span></a><span class="Other">)</span></pre></dt>
<dd>

This does nothing 

</dd>

</dl></div>

  </div>
</div>

    <div class="row">
      <div class="twelve-columns footer">
        <span class="nim-sprite"></span>
        <br/>
        <small style="color: var(--hint);">Made with Nim. Generated: 1970-01-02 03:46:40 UTC</small>
      </div>
    </div>
  </div>
</div>

</body>
</html>
