<?xml version="1.0" encoding="utf-8" ?>
<!DOCTYPE html PUBLIC "-//W3C//DTD XHTML 1.0 Transitional//EN"
  "http://www.w3.org/TR/xhtml1/DTD/xhtml1-transitional.dtd">
<!--  This file is generated by Nim. -->
<html xmlns="http://www.w3.org/1999/xhtml" xml:lang="en" lang="en">
<head>
<meta http-equiv="Content-Type" content="text/html; charset=utf-8" />

<meta name="viewport" content="width=device-width, initial-scale=1.0">

<!-- Favicon -->
<link rel="shortcut icon" href="data:image/x-icon;base64,AAABAAEAEBAAAAEAIABoBAAAFgAAACgAAAAQAAAAIAAAAAEAIAAAAAAAAAAAAAAAAAAAAAAAAAAAAAAAAAD///8A////AP///wD///8A////AP///wD///8A////AP///wD///8A////AP///wD///8A////AP///wD///8A////AP///wD///8A////AP///wD///8A////AAAAAAUAAAAF////AP///wD///8A////AP///wD///8A////AP///wD///8A////AAAAAAIAAABbAAAAlQAAAKIAAACbAAAAmwAAAKIAAACVAAAAWwAAAAL///8A////AP///wD///8A////AAAAABQAAADAAAAAYwAAAA3///8A////AP///wD///8AAAAADQAAAGMAAADAAAAAFP///wD///8A////AP///wAAAACdAAAAOv///wD///8A////AP///wD///8A////AP///wD///8AAAAAOgAAAJ3///8A////AP///wAAAAAnAAAAcP///wAAAAAoAAAASv///wD///8A////AP///wAAAABKAAAAKP///wAAAABwAAAAJ////wD///8AAAAAgQAAABwAAACIAAAAkAAAAJMAAACtAAAAFQAAABUAAACtAAAAkwAAAJAAAACIAAAAHAAAAIH///8A////AAAAAKQAAACrAAAAaP///wD///8AAAAARQAAANIAAADSAAAARf///wD///8AAAAAaAAAAKsAAACk////AAAAADMAAACcAAAAnQAAABj///8A////AP///wAAAAAYAAAAGP///wD///8A////AAAAABgAAACdAAAAnAAAADMAAAB1AAAAwwAAAP8AAADpAAAAsQAAAE4AAAAb////AP///wAAAAAbAAAATgAAALEAAADpAAAA/wAAAMMAAAB1AAAAtwAAAOkAAAD/AAAA/wAAAP8AAADvAAAA3gAAAN4AAADeAAAA3gAAAO8AAAD/AAAA/wAAAP8AAADpAAAAtwAAAGUAAAA/AAAA3wAAAP8AAAD/AAAA/wAAAP8AAAD/AAAA/wAAAP8AAAD/AAAA/wAAAP8AAADfAAAAPwAAAGX///8A////AAAAAEgAAADtAAAAvwAAAL0AAADGAAAA7wAAAO8AAADGAAAAvQAAAL8AAADtAAAASP///wD///8A////AP///wD///8AAAAAO////wD///8A////AAAAAIcAAACH////AP///wD///8AAAAAO////wD///8A////AP///wD///8A////AP///wD///8A////AP///wD///8A////AP///wD///8A////AP///wD///8A////AP///wD///8A////AP///wD///8A////AP///wD///8A////AP///wD///8A////AP///wD///8A////AP///wD///8A//8AAP//AAD4HwAA7/cAAN/7AAD//wAAoYUAAJ55AACf+QAAh+EAAAAAAADAAwAA4AcAAP5/AAD//wAA//8AAA=="/>
<link rel="icon" type="image/png" sizes="32x32" href="data:image/png;base64,iVBORw0KGgoAAAANSUhEUgAAACAAAAAgCAYAAABzenr0AAAABmJLR0QA/wD/AP+gvaeTAAAACXBIWXMAAA3XAAAN1wFCKJt4AAAAB3RJTUUH4QQQEwksSS9ZWwAAAk1JREFUWMPtll2ITVEUx39nn/O7Y5qR8f05wtCUUr6ZIS++8pEnkZInPImneaCQ5METNdOkeFBKUhMPRIkHKfEuUZSUlGlKPN2TrgfncpvmnntnmlEyq1Z7t89/rf9a6+y99oZxGZf/XeIq61EdtgKXgdXA0xrYAvBjOIF1AI9zvjcC74BSpndrJPkBWDScTF8Aa4E3wDlgHbASaANmVqlcCnwHvgDvgVfAJ+AikAAvgfVZwLnSVZHZaOuKoQi3ZOMi4NkYkpe1p4J7A8BpYAD49hfIy/oqG0+hLomiKP2L5L+1ubn5115S+3OAn4EnwBlgMzCjyt6ZAnQCJ4A7wOs88iRJHvw50HoujuPBoCKwHWiosy8MdfZnAdcHk8dxXFJ3VQbQlCTJvRBCGdRbD4M6uc5glpY3eAihpN5S5w12diSEcCCEcKUO4ljdr15T76ur1FDDLIQQ3qv71EdDOe3Kxj3leRXyk+pxdWnFWod6Wt2bY3de3aSuUHcPBVimHs7mK9WrmeOF6lR1o9qnzskh2ar2qm1qizpfXaPeVGdlmGN5pb09qMxz1Xb1kLqgzn1RyH7JUXW52lr5e/Kqi9qpto7V1atuUzfnARrV7jEib1T76gG2qxdGmXyiekkt1GswPTtek0aBfJp6YySGBfWg2tPQ0FAYgf1stUfdmdcjarbYJEniKIq6gY/Aw+zWHAC+p2labGpqiorFYgGYCEzN7oQdQClN07O1/EfDyGgC0ALMBdYAi4FyK+4H3gLPsxfR1zRNi+NP7nH5J+QntnXe5B5mpfQAAAAASUVORK5CYII=">

<!-- Google fonts -->
<link href='https://fonts.googleapis.com/css?family=Lato:400,600,900' rel='stylesheet' type='text/css'/>
<link href='https://fonts.googleapis.com/css?family=Source+Code+Pro:400,500,600' rel='stylesheet' type='text/css'/>

<!-- CSS -->
<title>Index</title>
<link rel="stylesheet" type="text/css" href="nimdoc.out.css">

<script type="text/javascript" src="dochack.js"></script>

<script type="text/javascript">
function main() {
  var pragmaDots = document.getElementsByClassName("pragmadots");
  for (var i = 0; i < pragmaDots.length; i++) {
    pragmaDots[i].onclick = function(event) {
      // Hide tease
      event.target.parentNode.style.display = "none";
      // Show actual
      event.target.parentNode.nextElementSibling.style.display = "inline";
    }
  }

  const toggleSwitch = document.querySelector('.theme-switch input[type="checkbox"]');
  function switchTheme(e) {
      if (e.target.checked) {
          document.documentElement.setAttribute('data-theme', 'dark');
          localStorage.setItem('theme', 'dark');
      } else {
          document.documentElement.setAttribute('data-theme', 'light');
          localStorage.setItem('theme', 'light');
      }
  }

  toggleSwitch.addEventListener('change', switchTheme, false);


  if (window.matchMedia && window.matchMedia('(prefers-color-scheme: dark)').matches) {
    document.documentElement.setAttribute('data-theme', "dark");
    toggleSwitch.checked = true;
  } else if (window.matchMedia && window.matchMedia('(prefers-color-scheme: light)').matches) {
    document.documentElement.setAttribute('data-theme', "light");
    toggleSwitch.checked = false;
  } else {
    const currentTheme = localStorage.getItem('theme') ? localStorage.getItem('theme') : null;
    if (currentTheme) {
      document.documentElement.setAttribute('data-theme', currentTheme);

      if (currentTheme === 'dark') {
        toggleSwitch.checked = true;
      }
    }
  }
}
</script>

</head>
<body onload="main()">
<div class="document" id="documentId">
  <div class="container">
    <h1 class="title">Index</h1>
    Modules: <a href="testproject.html">testproject</a>, <a href="utils.html">utils</a>.<br/><p /><h2>API symbols</h2>
<dl><dt><a name="A" href="#A"><span>A:</span></a></dt><dd><ul class="simple">
<li><a class="reference external"
          data-doc-search-tag="testproject: A" href="testproject.html#A">testproject: A</a></li>
          </ul></dd>
<dt><a name="aEnum" href="#aEnum"><span>aEnum:</span></a></dt><dd><ul class="simple">
<li><a class="reference external"
          data-doc-search-tag="utils: aEnum(): untyped" href="subdir/subdir_b/utils.html#aEnum.t">utils: aEnum(): untyped</a></li>
          </ul></dd>
<dt><a name="aVariable" href="#aVariable"><span>aVariable:</span></a></dt><dd><ul class="simple">
<li><a class="reference external"
          data-doc-search-tag="testproject: aVariable" href="testproject.html#aVariable">testproject: aVariable</a></li>
          </ul></dd>
<dt><a name="B" href="#B"><span>B:</span></a></dt><dd><ul class="simple">
<li><a class="reference external"
          data-doc-search-tag="testproject: B" href="testproject.html#B">testproject: B</a></li>
          </ul></dd>
<dt><a name="bar" href="#bar"><span>bar:</span></a></dt><dd><ul class="simple">
<li><a class="reference external"
          data-doc-search-tag="testproject: bar[T](a, b: T): T" href="testproject.html#bar%2CT%2CT">testproject: bar[T](a, b: T): T</a></li>
          <li><a class="reference external"
          data-doc-search-tag="testproject: bar(): untyped" href="testproject.html#bar.m">testproject: bar(): untyped</a></li>
          </ul></dd>
<dt><a name="baz" href="#baz"><span>baz:</span></a></dt><dd><ul class="simple">
<li><a class="reference external"
          data-doc-search-tag="testproject: baz[T](a, b: T): T" href="testproject.html#baz%2CT%2CT">testproject: baz[T](a, b: T): T</a></li>
          </ul></dd>
<dt><a name="bEnum" href="#bEnum"><span>bEnum:</span></a></dt><dd><ul class="simple">
<li><a class="reference external"
          data-doc-search-tag="utils: bEnum(): untyped" href="subdir/subdir_b/utils.html#bEnum.t">utils: bEnum(): untyped</a></li>
          </ul></dd>
<dt><a name="buzz" href="#buzz"><span>buzz:</span></a></dt><dd><ul class="simple">
<li><a class="reference external"
          data-doc-search-tag="testproject: buzz[T](a, b: T): T" href="testproject.html#buzz%2CT%2CT">testproject: buzz[T](a, b: T): T</a></li>
          </ul></dd>
<dt><a name="C_A" href="#C_A"><span>C_A:</span></a></dt><dd><ul class="simple">
<li><a class="reference external"
          data-doc-search-tag="testproject: C_A" href="testproject.html#C_A">testproject: C_A</a></li>
          </ul></dd>
<dt><a name="C_B" href="#C_B"><span>C_B:</span></a></dt><dd><ul class="simple">
<li><a class="reference external"
          data-doc-search-tag="testproject: C_B" href="testproject.html#C_B">testproject: C_B</a></li>
          </ul></dd>
<dt><a name="C_C" href="#C_C"><span>C_C:</span></a></dt><dd><ul class="simple">
<li><a class="reference external"
          data-doc-search-tag="testproject: C_C" href="testproject.html#C_C">testproject: C_C</a></li>
          </ul></dd>
<dt><a name="C_D" href="#C_D"><span>C_D:</span></a></dt><dd><ul class="simple">
<li><a class="reference external"
          data-doc-search-tag="testproject: C_D" href="testproject.html#C_D">testproject: C_D</a></li>
          </ul></dd>
<dt><a name="enumValueA" href="#enumValueA"><span>enumValueA:</span></a></dt><dd><ul class="simple">
<li><a class="reference external"
          data-doc-search-tag="SomeType.enumValueA" href="subdir/subdir_b/utils.html#enumValueA">SomeType.enumValueA</a></li>
          </ul></dd>
<dt><a name="enumValueB" href="#enumValueB"><span>enumValueB:</span></a></dt><dd><ul class="simple">
<li><a class="reference external"
          data-doc-search-tag="SomeType.enumValueB" href="subdir/subdir_b/utils.html#enumValueB">SomeType.enumValueB</a></li>
          </ul></dd>
<dt><a name="enumValueC" href="#enumValueC"><span>enumValueC:</span></a></dt><dd><ul class="simple">
<li><a class="reference external"
          data-doc-search-tag="SomeType.enumValueC" href="subdir/subdir_b/utils.html#enumValueC">SomeType.enumValueC</a></li>
          </ul></dd>
<dt><a name="foo" href="#foo"><span>foo:</span></a></dt><dd><ul class="simple">
<li><a class="reference external"
          data-doc-search-tag="testproject: foo(a, b: SomeType)" href="testproject.html#foo.t%2CSomeType%2CSomeType">testproject: foo(a, b: SomeType)</a></li>
          </ul></dd>
<dt><a name="isValid" href="#isValid"><span>isValid:</span></a></dt><dd><ul class="simple">
<li><a class="reference external"
          data-doc-search-tag="testproject: isValid[T](x: T): bool" href="testproject.html#isValid%2CT">testproject: isValid[T](x: T): bool</a></li>
          </ul></dd>
<dt><a name="someFunc" href="#someFunc"><span>someFunc:</span></a></dt><dd><ul class="simple">
<li><a class="reference external"
          data-doc-search-tag="testproject: someFunc()" href="testproject.html#someFunc">testproject: someFunc()</a></li>
          </ul></dd>
<dt><a name="SomeType" href="#SomeType"><span>SomeType:</span></a></dt><dd><ul class="simple">
<li><a class="reference external"
          data-doc-search-tag="utils: SomeType" href="subdir/subdir_b/utils.html#SomeType">utils: SomeType</a></li>
          </ul></dd>
<dt><a name="someType" href="#someType"><span>someType:</span></a></dt><dd><ul class="simple">
<li><a class="reference external"
          data-doc-search-tag="utils: someType(): SomeType" href="subdir/subdir_b/utils.html#someType_2">utils: someType(): SomeType</a></li>
          </ul></dd>
</dl>
    <div class="row">
      <div class="twelve-columns footer">
        <span class="nim-sprite"></span>
        <br/>
        <small style="color: var(--hint);">Made with Nim. Generated: 1970-01-02 03:46:40 UTC</small>
      </div>
    </div>
  </div>
</div>

</body>
</html>
